[maxcoach.thememove.com/main/artist/index.html]
[backblue.gif]
[fade.gif]
[index.html]
[maxcoach.thememove.com/main/wp-content/plugins/learnpress-course-review/assets/css/course-review.css]
[maxcoach.thememove.com/main/wp-includes/css/dist/block-library/style.min.css]
[maxcoach.thememove.com/main/wp-includes/css/dist/block-library/theme.min.css]
[maxcoach.thememove.com/main/wp-content/plugins/woocommerce/packages/woocommerce-blocks/build/vendors-style.css]
[maxcoach.thememove.com/main/wp-content/plugins/woocommerce/packages/woocommerce-blocks/build/style.css]
[maxcoach.thememove.com/main/wp-content/plugins/paid-memberships-pro/css/frontend.css]
[maxcoach.thememove.com/main/wp-content/plugins/paid-memberships-pro/css/print.css]
[maxcoach.thememove.com/main/wp-content/plugins/revslider/public/assets/css/rs6.css]
[maxcoach.thememove.com/main/wp-content/plugins/wp-events-manager/inc/libraries/countdown/css/jquery.countdown.css]
[maxcoach.thememove.com/main/wp-content/plugins/wp-events-manager/assets/css/frontend/events.min.css]
[maxcoach.thememove.com/main/wp-content/plugins/woo-smart-compare/assets/libs/perfect-scrollbar/css/perfect-scrollbar.min.css]
[maxcoach.thememove.com/main/wp-content/plugins/woo-smart-compare/assets/libs/perfect-scrollbar/css/custom-theme.css]
[maxcoach.thememove.com/main/wp-content/plugins/woo-smart-compare/assets/css/frontend.css]
[maxcoach.thememove.com/main/wp-content/plugins/woo-smart-wishlist/assets/css/frontend.css]
[maxcoach.thememove.com/main/wp-content/themes/maxcoach/assets/fonts/gilroy/font-gilroy.css]
[maxcoach.thememove.com/main/wp-content/themes/maxcoach/assets/fonts/awesome/css/fontawesome-all.min.css]
[maxcoach.thememove.com/main/wp-content/themes/maxcoach/assets/libs/swiper/css/swiper.min.css]
[maxcoach.thememove.com/main/wp-content/themes/maxcoach/assets/libs/lightGallery/css/lightgallery.min.css]
[maxcoach.thememove.com/main/wp-content/themes/maxcoach/style.css]
[maxcoach.thememove.com/main/wp-content/themes/maxcoach/woocommerce.css]
[maxcoach.thememove.com/main/wp-content/themes/maxcoach/assets/libs/perfect-scrollbar/css/custom-theme.css]
[maxcoach.thememove.com/main/wp-content/themes/maxcoach/assets/libs/magnific-popup/magnific-popup.css]
[maxcoach.thememove.com/main/wp-content/themes/maxcoach/video-conferencing-zoom.css]
[maxcoach.thememove.com/main/wp-content/plugins/elementor/assets/lib/eicons/css/elementor-icons.min.css]
[maxcoach.thememove.com/main/wp-content/plugins/elementor/assets/lib/animations/animations.min.css]
[maxcoach.thememove.com/main/wp-content/plugins/elementor/assets/css/frontend-legacy.min.css]
[maxcoach.thememove.com/main/wp-content/plugins/elementor/assets/css/frontend.min.css]
[maxcoach.thememove.com/main/wp-content/uploads/sites/1/elementor/css/post-1867.css]
[maxcoach.thememove.com/main/wp-content/plugins/elementor-pro/assets/css/frontend.min.css]
[maxcoach.thememove.com/main/wp-content/uploads/sites/1/elementor/css/post-2724.css]
[maxcoach.thememove.com/main/wp-content/uploads/sites/1/elementor/css/post-2815.css]
[maxcoach.thememove.com/main/wp-content/uploads/sites/1/elementor/css/post-623.css]
[maxcoach.thememove.com/main/wp-includes/css/dashicons.min.css]
[maxcoach.thememove.com/main/wp-content/themes/maxcoach-child-demo/style.css]
[maxcoach.thememove.com/main/wp-content/plugins/video-conferencing-with-zoom-api/assets/public/css/style.min.css]
[maxcoach.thememove.com/main/wp-content/themes/maxcoach/learnpress.css]
[maxcoach.thememove.com/main/wp-includes/js/jquery/jquery.min.js]
[maxcoach.thememove.com/main/wp-includes/js/jquery/jquery-migrate.min.js]
[maxcoach.thememove.com/main/wp-content/plugins/revslider/public/assets/js/rbtools.min.js]
[maxcoach.thememove.com/main/wp-content/themes/maxcoach-child-demo/assets/images/favicon/favicon-32x32.png]
[maxcoach.thememove.com/main/wp-content/plugins/revslider/public/assets/js/rs6.min.js]
[maxcoach.thememove.com/main/wp-content/themes/maxcoach-child-demo/assets/images/favicon/favicon-192x192.png]
[maxcoach.thememove.com/main/wp-content/themes/maxcoach-child-demo/assets/images/favicon/favicon-180x180.png]
[maxcoach.thememove.com/main/wp-content/themes/maxcoach/assets/images/mobile-bg.jpg]
[maxcoach.thememove.com/main/wp-content/themes/maxcoach/assets/images/logo/dark-logo.png]
[maxcoach.thememove.com/main/wp-content/uploads/sites/1/2020/05/homepages-mega-menu-image-alt.jpg]
[maxcoach.thememove.com/main/wp-content/uploads/sites/1/2020/05/artist-shape-01.png]
[maxcoach.thememove.com/main/wp-content/uploads/sites/1/2020/05/artist-shape-02.png]
[maxcoach.thememove.com/main/wp-content/uploads/sites/1/2020/05/artist-shape-03.png]
[maxcoach.thememove.com/main/wp-content/uploads/sites/1/2020/05/artist-hero-image-03.png]
[maxcoach.thememove.com/main/wp-content/uploads/sites/1/2020/05/artist-shape-05.png]
[maxcoach.thememove.com/main/wp-content/uploads/sites/1/2020/05/maxcoach-shape-12.png]
[maxcoach.thememove.com/main/wp-content/uploads/sites/1/2020/05/artist-shape-04.png]
[maxcoach.thememove.com/main/wp-content/uploads/sites/1/2020/05/artist-hero-image-02.jpg]
[maxcoach.thememove.com/main/wp-content/uploads/sites/1/2020/05/artist-hero-image-01.jpg]
[maxcoach.thememove.com/main/wp-content/uploads/sites/1/2020/05/artist-hero-image-04.jpg]
[maxcoach.thememove.com/main/wp-content/uploads/sites/1/2020/05/maxcoach-shape-13.png]
[maxcoach.thememove.com/main/wp-content/uploads/sites/1/2020/05/maxcoach-shape-14.png]
[maxcoach.thememove.com/main/wp-content/uploads/sites/1/2020/05/artist-box-image-01.png]
[maxcoach.thememove.com/main/wp-content/uploads/sites/1/2020/05/artist-box-image-02.png]
[maxcoach.thememove.com/main/wp-content/uploads/sites/1/2020/05/artist-box-image-03.png]
[maxcoach.thememove.com/main/wp-content/uploads/sites/1/2020/05/artist-box-image-04.png]
[maxcoach.thememove.com/main/wp-content/uploads/sites/1/2020/05/artist-quote-icon.png]
[maxcoach.thememove.com/main/wp-content/uploads/sites/1/2019/12/maxcoach-shape-05.png]
[maxcoach.thememove.com/main/wp-content/uploads/sites/1/2020/05/artist-video-poster.jpg]
[maxcoach.thememove.com/main/wp-content/uploads/sites/1/2019/11/icon-youtube-play.png]
[maxcoach.thememove.com/main/wp-content/uploads/sites/1/2020/05/artist-testimonial-avatar-04.jpg]
[maxcoach.thememove.com/main/wp-content/uploads/sites/1/2020/05/artist-testimonial-avatar-01.jpg]
[maxcoach.thememove.com/main/wp-content/uploads/sites/1/2020/05/artist-testimonial-avatar-03.jpg]
[maxcoach.thememove.com/main/wp-content/uploads/sites/1/2020/05/artist-testimonial-avatar-02.jpg]
[maxcoach.thememove.com/main/wp-content/uploads/sites/1/2020/05/artist-course-08-480x480.jpg]
[maxcoach.thememove.com/main/wp-content/uploads/sites/1/2020/05/artist-course-07-480x480.jpg]
[maxcoach.thememove.com/main/wp-content/uploads/sites/1/2020/05/artist-course-06-480x480.jpg]
[maxcoach.thememove.com/main/wp-content/uploads/sites/1/2020/05/artist-course-05-480x480.jpg]
[maxcoach.thememove.com/main/wp-content/uploads/sites/1/2020/05/artist-course-04-480x480.jpg]
[maxcoach.thememove.com/main/wp-content/uploads/sites/1/2020/05/artist-course-03-480x480.jpg]
[maxcoach.thememove.com/main/wp-content/uploads/sites/1/2020/05/artist-course-02-480x480.jpg]
[maxcoach.thememove.com/main/wp-content/uploads/sites/1/2020/05/artist-course-01-480x480.jpg]
[maxcoach.thememove.com/main/wp-content/uploads/sites/1/2020/05/artist-blog-03-480x356.jpg]
[maxcoach.thememove.com/main/wp-content/uploads/sites/1/2020/05/artist-blog-01-480x356.jpg]
[maxcoach.thememove.com/main/wp-content/uploads/sites/1/2020/05/artist-blog-02-500x680.jpg]
[maxcoach.thememove.com/main/wp-content/uploads/sites/1/2020/05/artist-event-04-250x300.jpg]
[maxcoach.thememove.com/main/wp-content/uploads/sites/1/2020/05/artist-event-03-250x300.jpg]
[maxcoach.thememove.com/main/wp-content/uploads/sites/1/2020/05/artist-event-02-250x300.jpg]
[maxcoach.thememove.com/main/wp-content/uploads/sites/1/2020/05/artist-event-01-250x300.jpg]
[maxcoach.thememove.com/main/wp-content/uploads/sites/1/2020/05/artist-shape-color-paint-top-left.png]
[maxcoach.thememove.com/main/wp-content/uploads/sites/1/2020/05/artist-shape-color-paint-bottom-right.png]
[maxcoach.thememove.com/main/wp-content/themes/maxcoach-child-demo/assets/images/landing-preview.jpg]
[maxcoach.thememove.com/main/wp-content/themes/maxcoach-child-demo/assets/images/home-01-preview.jpg]
[maxcoach.thememove.com/main/wp-content/themes/maxcoach-child-demo/assets/images/home-02-preview.jpg]
[maxcoach.thememove.com/main/wp-content/themes/maxcoach-child-demo/assets/images/home-03-preview.jpg]
[maxcoach.thememove.com/main/wp-content/themes/maxcoach-child-demo/assets/images/home-04-preview.jpg]
[maxcoach.thememove.com/main/wp-content/themes/maxcoach-child-demo/assets/images/home-05-preview.jpg]
[maxcoach.thememove.com/main/wp-content/themes/maxcoach-child-demo/assets/images/home-06-preview.jpg]
[maxcoach.thememove.com/main/wp-content/themes/maxcoach-child-demo/assets/images/home-health-coaching-preview.jpg]
[maxcoach.thememove.com/main/wp-content/themes/maxcoach-child-demo/assets/images/home-gym-coaching-preview.jpg]
[maxcoach.thememove.com/main/wp-content/themes/maxcoach-child-demo/assets/images/home-business-preview.jpg]
[maxcoach.thememove.com/main/wp-content/themes/maxcoach-child-demo/assets/images/home-kitchen-coach-preview.jpg]
[maxcoach.thememove.com/main/wp-content/themes/maxcoach-child-demo/assets/images/home-artist-preview.jpg]
[maxcoach.thememove.com/main/wp-content/themes/maxcoach-child-demo/assets/images/home-motivation-preview.jpg]
[maxcoach.thememove.com/main/wp-content/themes/maxcoach-child-demo/assets/images/home-yoga-preview.jpg]
[maxcoach.thememove.com/main/wp-content/themes/maxcoach-child-demo/assets/images/home-photography-preview.jpg]
[maxcoach.thememove.com/main/wp-content/themes/maxcoach-child-demo/assets/images/home-personal-finance-preview.jpg]
[maxcoach.thememove.com/main/wp-content/themes/maxcoach-child-demo/assets/images/home-dancing-preview.jpg]
[maxcoach.thememove.com/main/wp-content/themes/maxcoach-child-demo/assets/images/home-guitar-preview.jpg]
[maxcoach.thememove.com/main/wp-content/themes/maxcoach-child-demo/assets/images/rtl-demo-preview.jpg]
[maxcoach.thememove.com/main/wp-content/themes/maxcoach-child-demo/assets/images/btn-purchase.jpg]
[maxcoach.thememove.com/main/wp-content/uploads/sites/1/2019/12/maxcoach-shape-01.png]
[maxcoach.thememove.com/main/wp-content/uploads/sites/1/2019/12/maxcoach-shape-02.png]
[maxcoach.thememove.com/main/wp-content/uploads/sites/1/elementor/css/post-1565.css]
[maxcoach.thememove.com/main/wp-content/uploads/sites/1/elementor/css/post-3350.css]
[maxcoach.thememove.com/main/wp-content/themes/maxcoach/assets/libs/polyfill/intersection-observer.min.js]
[maxcoach.thememove.com/main/wp-content/plugins/woocommerce/assets/js/jquery-blockui/jquery.blockUI.min.js]
[maxcoach.thememove.com/main/wp-content/plugins/woocommerce/assets/js/frontend/add-to-cart.min.js]
[maxcoach.thememove.com/main/wp-content/plugins/woocommerce/assets/js/js-cookie/js.cookie.min.js]
[maxcoach.thememove.com/main/wp-content/plugins/woocommerce/assets/js/frontend/woocommerce.min.js]
[maxcoach.thememove.com/main/wp-content/plugins/woocommerce/assets/js/frontend/cart-fragments.min.js]
[maxcoach.thememove.com/main/wp-includes/js/jquery/ui/core.min.js]
[maxcoach.thememove.com/main/wp-includes/js/underscore.min.js]
[maxcoach.thememove.com/main/wp-includes/js/wp-util.min.js]
[maxcoach.thememove.com/main/wp-includes/js/backbone.min.js]
[maxcoach.thememove.com/main/wp-content/plugins/wp-events-manager/inc/libraries/countdown/js/jquery.plugin.min.js]
[maxcoach.thememove.com/main/wp-content/plugins/wp-events-manager/inc/libraries/countdown/js/jquery.countdown.min.js]
[maxcoach.thememove.com/main/wp-content/plugins/wp-events-manager/assets/js/frontend/events.min.js]
[maxcoach.thememove.com/main/wp-content/plugins/woo-smart-compare/assets/libs/dragarrange/drag-arrange.js]
[maxcoach.thememove.com/main/wp-content/plugins/woo-smart-compare/assets/libs/table-head-fixer/table-head-fixer.js]
[maxcoach.thememove.com/main/wp-content/plugins/woo-smart-compare/assets/libs/perfect-scrollbar/js/perfect-scrollbar.jquery.min.js]
[maxcoach.thememove.com/main/wp-content/plugins/woo-smart-compare/assets/js/frontend.js]
[maxcoach.thememove.com/main/wp-content/plugins/woo-smart-wishlist/assets/js/frontend.js]
[maxcoach.thememove.com/main/wp-content/themes/maxcoach/assets/js/headroom.min.js]
[maxcoach.thememove.com/main/wp-content/themes/maxcoach/assets/libs/smooth-scroll-for-web/SmoothScroll.min.js]
[maxcoach.thememove.com/main/wp-content/themes/maxcoach/assets/libs/lightGallery/js/lightgallery-all.min.js]
[maxcoach.thememove.com/main/wp-content/plugins/elementor/assets/lib/waypoints/waypoints.min.js]
[maxcoach.thememove.com/main/wp-content/themes/maxcoach/assets/libs/smooth-scroll/jquery.smooth-scroll.min.js]
[maxcoach.thememove.com/main/wp-includes/js/imagesloaded.min.js]
[maxcoach.thememove.com/main/wp-content/themes/maxcoach/assets/libs/swiper/js/swiper.min.js]
[maxcoach.thememove.com/main/wp-content/themes/maxcoach/assets/js/swiper-wrapper.js]
[maxcoach.thememove.com/main/wp-content/themes/maxcoach/assets/libs/matchHeight/jquery.matchHeight-min.js]
[maxcoach.thememove.com/main/wp-content/themes/maxcoach/assets/libs/isotope/js/isotope.pkgd.js]
[maxcoach.thememove.com/main/wp-content/themes/maxcoach/assets/libs/packery-mode/packery-mode.pkgd.js]
[maxcoach.thememove.com/main/wp-content/themes/maxcoach/assets/js/grid-layout.js]
[maxcoach.thememove.com/main/wp-content/themes/maxcoach/assets/libs/smartmenus/jquery.smartmenus.min.js]
[maxcoach.thememove.com/main/wp-content/themes/maxcoach/assets/libs/magnific-popup/jquery.magnific-popup.js]
[maxcoach.thememove.com/main/wp-content/themes/maxcoach/assets/js/nice-select.js]
[maxcoach.thememove.com/main/wp-content/themes/maxcoach/assets/js/main.js]
[maxcoach.thememove.com/main/wp-content/themes/maxcoach/assets/js/quantity-button.js]
[maxcoach.thememove.com/main/wp-content/themes/maxcoach/assets/js/woo.js]
[maxcoach.thememove.com/main/wp-content/themes/maxcoach/elementor/assets/js/widgets/group-widget-carousel.js]
[maxcoach.thememove.com/main/wp-content/themes/maxcoach/elementor/assets/js/widgets/grid-query.js]
[maxcoach.thememove.com/main/wp-content/themes/maxcoach/elementor/assets/js/widgets/widget-grid-post.js]
[maxcoach.thememove.com/main/wp-content/plugins/elfsight-instagram-feed-cc/assets/elfsight-instagram-feed.js]
[maxcoach.thememove.com/main/wp-content/plugins/mailchimp-for-wp/assets/js/forms.js]
[maxcoach.thememove.com/main/wp-content/plugins/elementor-pro/assets/js/webpack-pro.runtime.min.js]
[maxcoach.thememove.com/main/wp-content/plugins/elementor/assets/js/webpack.runtime.min.js]
[maxcoach.thememove.com/main/wp-content/plugins/elementor/assets/js/frontend-modules.min.js]
[maxcoach.thememove.com/main/wp-content/plugins/elementor-pro/assets/lib/sticky/jquery.sticky.min.js]
[maxcoach.thememove.com/main/wp-content/plugins/elementor-pro/assets/js/frontend.min.js]
[maxcoach.thememove.com/main/wp-content/plugins/elementor/assets/lib/share-link/share-link.min.js]
[maxcoach.thememove.com/main/wp-content/plugins/elementor/assets/lib/dialog/dialog.min.js]
[maxcoach.thememove.com/main/wp-content/plugins/elementor/assets/js/frontend.min.js]
[maxcoach.thememove.com/main/wp-content/plugins/elementor-pro/assets/js/preloaded-elements-handlers.min.js]
[maxcoach.thememove.com/main/artist/index.html]
[maxcoach.thememove.com/main/wp-content/plugins/learnpress-course-review/assets/css/course-review.css]
[maxcoach.thememove.com/main/wp-includes/css/dist/block-library/style.min.css]
[maxcoach.thememove.com/main/wp-includes/css/dist/block-library/theme.min.css]
[maxcoach.thememove.com/main/wp-content/plugins/woocommerce/packages/woocommerce-blocks/build/vendors-style.css]
[maxcoach.thememove.com/main/wp-content/plugins/woocommerce/packages/woocommerce-blocks/build/style.css]
[maxcoach.thememove.com/main/wp-content/plugins/paid-memberships-pro/css/frontend.css]
[maxcoach.thememove.com/main/wp-content/plugins/paid-memberships-pro/css/print.css]
[maxcoach.thememove.com/main/wp-content/plugins/elementor/assets/js/preloaded-modules.min.js]
[maxcoach.thememove.com/main/wp-content/plugins/revslider/public/assets/css/openhand.cur]
[maxcoach.thememove.com/main/wp-content/plugins/revslider/public/assets/css/closedhand.cur]
[maxcoach.thememove.com/main/wp-content/plugins/revslider/public/assets/assets/gridtile.png]
[maxcoach.thememove.com/main/wp-content/plugins/revslider/public/assets/assets/gridtile_white.png]
[maxcoach.thememove.com/main/wp-content/plugins/revslider/public/assets/assets/gridtile_3x3.png]
[maxcoach.thememove.com/main/wp-content/plugins/revslider/public/assets/assets/gridtile_3x3_white.png]
[maxcoach.thememove.com/main/wp-content/plugins/revslider/public/assets/assets/coloredbg.png]
[maxcoach.thememove.com/main/wp-content/plugins/revslider/public/assets/assets/loader.gif]
[maxcoach.thememove.com/main/wp-content/plugins/revslider/public/assets/css/rs6.css]
[maxcoach.thememove.com/main/wp-content/plugins/wp-events-manager/inc/libraries/countdown/css/jquery.countdown.css]
[maxcoach.thememove.com/main/wp-content/plugins/wp-events-manager/assets/css/frontend/events.min.css]
[maxcoach.thememove.com/main/wp-content/plugins/woo-smart-compare/assets/libs/perfect-scrollbar/css/perfect-scrollbar.min.css]
[maxcoach.thememove.com/main/wp-content/plugins/woo-smart-compare/assets/libs/perfect-scrollbar/css/custom-theme.css]
[maxcoach.thememove.com/main/wp-content/plugins/woo-smart-compare/assets/images/placeholder.png]
[maxcoach.thememove.com/main/wp-content/plugins/woo-smart-compare/assets/css/frontend.css]
[maxcoach.thememove.com/main/wp-content/plugins/woo-smart-wishlist/assets/css/frontend.css]
[maxcoach.thememove.com/main/wp-content/themes/maxcoach/assets/fonts/gilroy/Gilroy-Regular.otf]
[maxcoach.thememove.com/main/wp-content/themes/maxcoach/assets/fonts/gilroy/Gilroy-Thin.otf]
[maxcoach.thememove.com/main/wp-content/themes/maxcoach/assets/fonts/gilroy/Gilroy-UltraLight.otf]
[maxcoach.thememove.com/main/wp-content/themes/maxcoach/assets/fonts/gilroy/Gilroy-Light.otf]
[maxcoach.thememove.com/main/wp-content/themes/maxcoach/assets/fonts/gilroy/Gilroy-Medium.otf]
[maxcoach.thememove.com/main/wp-content/themes/maxcoach/assets/fonts/gilroy/Gilroy-Semibold.otf]
[maxcoach.thememove.com/main/wp-content/themes/maxcoach/assets/fonts/gilroy/Gilroy-Bold.otf]
[maxcoach.thememove.com/main/wp-content/themes/maxcoach/assets/fonts/gilroy/Gilroy-Extrabold.otf]
[maxcoach.thememove.com/main/wp-content/themes/maxcoach/assets/fonts/gilroy/Gilroy-Black.otf]
[maxcoach.thememove.com/main/wp-content/themes/maxcoach/assets/fonts/gilroy/font-gilroy.css]
[maxcoach.thememove.com/main/wp-content/themes/maxcoach/assets/fonts/awesome/css/fontawesome-all.min.css]
[maxcoach.thememove.com/main/wp-content/themes/maxcoach/assets/libs/swiper/css/swiper.min.css]
[maxcoach.thememove.com/main/wp-content/themes/maxcoach/assets/libs/lightGallery/img/vimeo-play.png]
[maxcoach.thememove.com/main/wp-content/themes/maxcoach/assets/libs/lightGallery/img/video-play.png]
[maxcoach.thememove.com/main/wp-content/themes/maxcoach/assets/libs/lightGallery/img/youtube-play.png]
[maxcoach.thememove.com/main/wp-content/themes/maxcoach/assets/libs/lightGallery/img/loading.gif]
[maxcoach.thememove.com/main/wp-content/themes/maxcoach/assets/libs/lightGallery/css/lightgallery.min.css]
[maxcoach.thememove.com/main/wp-content/themes/maxcoach/assets/images/cursor/light-close.png]
[maxcoach.thememove.com/main/wp-content/themes/maxcoach/assets/images/testimonial-icon.png]
[maxcoach.thememove.com/main/wp-content/themes/maxcoach/style.css]
[maxcoach.thememove.com/main/wp-content/themes/maxcoach/assets/fonts/woocommerce/star.eot]
[maxcoach.thememove.com/main/wp-content/themes/maxcoach/assets/fonts/woocommerce/stard41d.eot]
[maxcoach.thememove.com/main/wp-content/themes/maxcoach/assets/fonts/woocommerce/star.woff]
[maxcoach.thememove.com/main/wp-content/themes/maxcoach/assets/fonts/woocommerce/star.ttf]
[maxcoach.thememove.com/main/wp-content/themes/maxcoach/assets/fonts/woocommerce/star.svg]
[maxcoach.thememove.com/main/wp-content/themes/maxcoach/assets/fonts/woocommerce/WooCommerce.eot]
[maxcoach.thememove.com/main/wp-content/themes/maxcoach/assets/fonts/woocommerce/WooCommerced41d.eot]
[maxcoach.thememove.com/main/wp-content/themes/maxcoach/assets/fonts/woocommerce/WooCommerce.woff]
[maxcoach.thememove.com/main/wp-content/themes/maxcoach/assets/fonts/woocommerce/WooCommerce.ttf]
[maxcoach.thememove.com/main/wp-content/themes/maxcoach/woocommerce.css]
[maxcoach.thememove.com/main/wp-content/themes/maxcoach/assets/libs/perfect-scrollbar/css/custom-theme.css]
[maxcoach.thememove.com/main/wp-content/themes/maxcoach/assets/libs/magnific-popup/magnific-popup.css]
[maxcoach.thememove.com/main/wp-content/themes/maxcoach/video-conferencing-zoom.css]
[maxcoach.thememove.com/main/wp-content/plugins/elementor/assets/lib/eicons/css/elementor-icons.min.css]
[maxcoach.thememove.com/main/wp-content/plugins/elementor/assets/lib/animations/animations.min.css]
[maxcoach.thememove.com/main/wp-content/plugins/elementor/assets/css/frontend-legacy.min.css]
[maxcoach.thememove.com/main/wp-content/plugins/elementor/assets/css/frontend.min.css]
[maxcoach.thememove.com/main/wp-content/uploads/sites/1/elementor/css/post-1867.css]
[maxcoach.thememove.com/main/wp-content/plugins/elementor-pro/assets/css/frontend.min.css]
[maxcoach.thememove.com/main/wp-content/themes/maxcoach/assets/fonts/woocommerce/WooCommerce.svg]
[maxcoach.thememove.com/main/wp-content/uploads/sites/1/2019/12/maxcoach-shape-03.png]
[maxcoach.thememove.com/main/wp-content/uploads/sites/1/elementor/css/post-2724.css]
[maxcoach.thememove.com/main/wp-content/uploads/sites/1/elementor/css/post-2815.css]
[maxcoach.thememove.com/main/wp-content/uploads/sites/1/elementor/css/post-623.css]
[maxcoach.thememove.com/main/wp-includes/css/dashicons.min.css]
[maxcoach.thememove.com/main/wp-content/themes/maxcoach-child-demo/assets/images/btn-purchase-badge.jpg]
[maxcoach.thememove.com/main/wp-content/themes/maxcoach-child-demo/style.css]
[maxcoach.thememove.com/main/wp-content/plugins/video-conferencing-with-zoom-api/assets/images/ajax-loader.gif]
[maxcoach.thememove.com/main/wp-content/plugins/video-conferencing-with-zoom-api/assets/public/css/style.min.css]
[maxcoach.thememove.com/main/wp-content/themes/maxcoach/learnpress.css]
[maxcoach.thememove.com/main/wp-content/uploads/sites/1/elementor/css/post-1565.css]
[maxcoach.thememove.com/main/wp-content/uploads/sites/1/elementor/css/post-3350.css]
[maxcoach.thememove.com/main/wp-content/themes/maxcoach/assets/fonts/woocommerce/star.svg]
[maxcoach.thememove.com/main/wp-content/themes/maxcoach/assets/fonts/woocommerce/WooCommerce.svg]
